[33mظإ»[39m Building...
[32mظ£¤[39m Building...
[1mInitial chunk files[22m[2m | [22m[1mNames[22m              [2m | [22m [1mRaw size[22m[2m | [22m[1mEstimated transfer size[22m
[32mchunk-NNLZJRR3.js[39m  [2m | [22m[2m-[22m                  [2m | [22m[36m144.25 kB[39m[2m | [22m               [36m42.02 kB[39m
[32mchunk-7XDXTMQA.js[39m  [2m | [22m[2m-[22m                  [2m | [22m[36m109.38 kB[39m[2m | [22m               [36m27.67 kB[39m
[32mmain-OJLTXX6H.js[39m   [2m | [22m[2mmain[22m               [2m | [22m [36m26.96 kB[39m[2m | [22m                [36m5.98 kB[39m
[32mchunk-OJEKOK6A.js[39m  [2m | [22m[2m-[22m                  [2m | [22m [36m12.78 kB[39m[2m | [22m                [36m3.38 kB[39m
[32mstyles-GCHJOUWI.css[39m[2m | [22m[2mstyles[22m             [2m | [22m  [36m8.45 kB[39m[2m | [22m              [36m850 bytes[39m
[32mchunk-6Q36X62Q.js[39m  [2m | [22m[2m-[22m                  [2m | [22m  [36m1.45 kB[39m[2m | [22m              [36m588 bytes[39m
[32mchunk-2NFLSA4Y.js[39m  [2m | [22m[2m-[22m                  [2m | [22m[36m449 bytes[39m[2m | [22m              [36m449 bytes[39m

[1m [22m                  [2m | [22m[1mInitial total[22m      [2m | [22m[1m303.73 kB[22m[2m | [22m               [1m80.93 kB[22m

[1mLazy chunk files[22m   [2m | [22m[1mNames[22m              [2m | [22m [1mRaw size[22m[2m | [22m[1mEstimated transfer size[22m
[32mchunk-NUNYDJR3.js[39m  [2m | [22m[2mpublic-routes[22m      [2m | [22m [36m44.25 kB[39m[2m | [22m                [36m8.73 kB[39m
[32mchunk-4TA7KLXC.js[39m  [2m | [22m[2mteam-component[22m     [2m | [22m [36m12.97 kB[39m[2m | [22m                [36m3.62 kB[39m
[32mchunk-A5VSEP46.js[39m  [2m | [22m[2mabout-component[22m    [2m | [22m  [36m9.68 kB[39m[2m | [22m                [36m2.40 kB[39m
[32mchunk-2OWDHQEZ.js[39m  [2m | [22m[2mportfolio-component[22m[2m | [22m  [36m8.04 kB[39m[2m | [22m                [36m2.17 kB[39m
[32mchunk-5DLATVRC.js[39m  [2m | [22m[2mregister-component[22m [2m | [22m  [36m4.96 kB[39m[2m | [22m                [36m1.51 kB[39m
[32mchunk-TDJ5NUHR.js[39m  [2m | [22m[2mlogin-component[22m    [2m | [22m  [36m4.23 kB[39m[2m | [22m                [36m1.34 kB[39m
[32mchunk-HKWTKXFP.js[39m  [2m | [22m[2moverview-component[22m [2m | [22m  [36m2.84 kB[39m[2m | [22m              [36m924 bytes[39m
[32mchunk-57AJHJOZ.js[39m  [2m | [22m[2mauth-routes[22m        [2m | [22m[36m292 bytes[39m[2m | [22m              [36m292 bytes[39m
[32mchunk-DFHMLF7I.js[39m  [2m | [22m[2mdashboard-routes[22m   [2m | [22m[36m154 bytes[39m[2m | [22m              [36m154 bytes[39m

Application bundle generation failed. [3.402 seconds] - 2026-01-31T12:01:28.827Z

node.exe : 
[1m[33m[33mظû▓ [43;33m[
[43;30mWARNING[43;33m][0m 
[1msrc/app/layouts/auth/aut
h.layout.scss exceeded 
maximum budget. Budget 4.00 
kB was not met by 67 bytes 
with a total of 4.07 kB.[0m
At C:\Users\Alaraby\AppData\
Roaming\npm\ng.ps1:24 char:5
+     & "node$exe"  "$basedi
r/node_modules/@angular/cli/
bin/ng.js" $arg ...
+     ~~~~~~~~~~~~~~~~~~~~~~
~~~~~~~~~~~~~~~~~~~~~~~~~~~~
~~~~~~~~~~~~~~~
    + CategoryInfo          
    : NotSpecified: ([1m  
  [33m[33mظ...of 4.07 kB   
 .[0m:String) [], Remot    
eException
    + FullyQualifiedErrorId 
    : NativeCommandError
 


[33mظû▓ [43;33m[[43;30mWA
RNING[43;33m][0m [1msrc/a
pp/pages/public/home/home.sc
ss exceeded maximum budget. 
Budget 4.00 kB was not met 
by 16.68 kB with a total of 
20.68 kB.[0m


[33mظû▓ [43;33m[[43;30mWA
RNING[43;33m][0m [1msrc/a
pp/pages/public/about/about.
component.scss exceeded 
maximum budget. Budget 4.00 
kB was not met by 362 bytes 
with a total of 4.36 kB.[0m


[33mظû▓ [43;33m[[43;30mWA
RNING[43;33m][0m [1msrc/a
pp/pages/public/team/team.sc
ss exceeded maximum budget. 
Budget 4.00 kB was not met 
by 441 bytes with a total 
of 4.44 kB.[0m

[39m[22m
[1m[31m[31mX [41;31m[[4
1;97mERROR[41;31m][0m [1m
src/app/pages/public/home/ho
me.scss exceeded maximum 
budget. Budget 8.00 kB was 
not met by 12.68 kB with a 
total of 20.68 kB.[0m

[39m[22m
